******************************************************************************
                  TI ARM Linker PC v20.2.7                     
******************************************************************************
>> Linked Mon May  6 00:32:28 2024

OUTPUT FILE NAME:   <HVAC_un_hilo_obj.out>
ENTRY POINT SYMBOL: "_c_int00"  address: 00008691


MEMORY CONFIGURATION

         name            origin    length      used     unused   attr    fill
----------------------  --------  ---------  --------  --------  ----  --------
  MAIN                  00000000   00040000  0000b02e  00034fd2  R  X
  INFO                  00200000   00004000  00000000  00004000  R  X
  SRAM_CODE             01000000   00010000  00005624  0000a9dc  RW X
  SRAM_DATA             20000000   00010000  00005624  0000a9dc  RW  


SEGMENT ALLOCATION MAP

run origin  load origin   length   init length attrs members
----------  ----------- ---------- ----------- ----- -------
00000000    00000000    0000b038   0000b038    r-x
  00000000    00000000    0000003c   0000003c    r-- .resetVecs
  00000040    00000040    0000a73a   0000a73a    r-x .text
  0000a77c    0000a77c    00000628   00000628    r-- .const
  0000ada8    0000ada8    00000290   00000290    r-- .cinit
20000140    20000140    00000aac   00000000    rw-
  20000140    20000140    00000aac   00000000    rw- .data
20001000    20001000    000000e8   00000000    rw-
  20001000    20001000    000000e8   00000000    rw- .vtable
200010e8    200010e8    00004000   00000000    r--
  200010e8    200010e8    00004000   00000000    r-- .priheap
200050e8    200050e8    00000550   00000000    rw-
  200050e8    200050e8    00000550   00000000    rw- .bss
2000fc00    2000fc00    00000400   00000000    rw-
  2000fc00    2000fc00    00000400   00000000    rw- .stack


SECTION ALLOCATION MAP

 output                                  attributes/
section   page    origin      length       input sections
--------  ----  ----------  ----------   ----------------
.text      0    00000040    0000a73a     
                  00000040    00000a4e     rtsv7M4_T_le_v4SPD16_eabi.lib : _printfi.c.obj (.text:__TI_printfi)
                  00000a8e    00000002     HVAC_IO.obj (.text:HVAC_ActualizarSalidas)
                  00000a90    00000940     gpio_f_MSP432.obj (.text:gpio_ioctl)
                  000013d0    000006f4     gpio_f_MSP432.obj (.text:gpio_cpu_open)
                  00001ac4    000004f4     HVAC_IO.obj (.text:HVAC_Heartbeat)
                  00001fb8    0000049c     adc_f_MSP432.obj (.text:adc_hw_channel_init)
                  00002454    00000438     timer_f_msp432.obj (.text:Timer_Handler)
                  0000288c    00000388     adc_f_MSP432.obj (.text:adc_trigger)
                  00002c14    0000028a     msp432p4xx_driverlib.lib : pcm.o (.text:__PCM_setPowerStateAdvanced)
                  00002e9e    00000002     system_msp432p401r.obj (.text:Power_idleFunc)
                  00002ea0    00000270     rtsv7M4_T_le_v4SPD16_eabi.lib : _printfi.c.obj (.text:_pconv_a)
                  00003110    0000025c     timer_f_msp432.obj (.text:timer_open)
                  0000336c    00000228     adc_f_MSP432.obj (.text:adc_open)
                  00003594    000001d0     rtsv7M4_T_le_v4SPD16_eabi.lib : _printfi.c.obj (.text:_pconv_g)
                  00003764    000001b6                                   : fd_add_t2.asm.obj (.text)
                  0000391a    00000002                                   : _lock.c.obj (.text:_nop)
                  0000391c    000001b4     gpio_f_MSP432.obj (.text:gpio_open)
                  00003ad0    00000180     rtsv7M4_T_le_v4SPD16_eabi.lib : fwrite.c.obj (.text:fwrite)
                  00003c50    0000017c     timer_f_msp432.obj (.text:timer_read)
                  00003dcc    00000178     HVAC_IO.obj (.text:HVAC_ActualizarEntradas)
                  00003f44    0000015c     msp432p4xx_driverlib.lib : pcm.o (.text:__PCM_setPowerModeAdvanced)
                  000040a0    00000140     HVAC_IO.obj (.text:persiana_2)
                  000041e0    0000013c     rtsv7M4_T_le_v4SPD16_eabi.lib : _printfi.c.obj (.text:_pconv_e)
                  0000431c    0000013c     HVAC_IO.obj (.text:persiana_1)
                  00004458    00000136     rtsv7M4_T_le_v4SPD16_eabi.lib : fd_div_t2.asm.obj (.text)
                  0000458e    00000002                                   : div0.asm.obj (.text)
                  00004590    00000130     sysbios.aem4f : BIOS.obj (.text:ti_sysbios_knl_Semaphore_pend__E)
                  000046c0    00000124     rtsv7M4_T_le_v4SPD16_eabi.lib : _printfi.c.obj (.text:fcvt)
                  000047e4    00000114     Files.obj (.text:fopen_f)
                  000048f8    00000114     HVAC_IO.obj (.text:secuencia_luces)
                  00004a0c    00000110     rtsv7M4_T_le_v4SPD16_eabi.lib : fopen.c.obj (.text:_openfile)
                  00004b1c    00000110                                   : s_scalbn.c.obj (.text:scalbn)
                  00004c2c    00000108     msp432p4xx_driverlib.lib : pcm.o (.text:__PCM_setCoreVoltageLevelAdvanced)
                  00004d34    00000004                              : cpu.o (.text:CPU_wfi)
                  00004d38    00000108     sysbios.aem4f : BIOS.obj (.text:ti_sysbios_knl_Task_postInit__I)
                  00004e40    00000108                   : BIOS.obj (.text:xdc_runtime_Startup_startMods__I)
                  00004f48    00000104                   : BIOS.obj (.text:ti_sysbios_knl_Task_Instance_finalize__E)
                  0000504c    00000100     adc_f_MSP432.obj (.text:adc_stop)
                  0000514c    000000fc     rtsv7M4_T_le_v4SPD16_eabi.lib : fd_mul_t2.asm.obj (.text)
                  00005248    000000f8                                   : fread.c.obj (.text:fread)
                  00005340    000000f8     sysbios.aem4f : BIOS.obj (.text:ti_sysbios_family_arm_msp432_init_Boot_configureClocksHigh)
                  00005438    000000f4     timer_f_msp432.obj (.text:timer_ioctl)
                  0000552c    00000004     rtsv7M4_T_le_v4SPD16_eabi.lib : printf.c.obj (.text:_outc)
                  00005530    000000f0     sysbios.aem4f : BIOS.obj (.text:pthread_create)
                  00005620    000000f0                   : m3_Hwi_asm.obj (.text:ti_sysbios_family_arm_m3_Hwi_dispatch__I)
                  00005710    000000ec     adc_f_MSP432.obj (.text:adc_resume)
                  000057fc    000000e8     adc_f_MSP432.obj (.text:Timer32_Handler)
                  000058e4    000000e8     HVAC_IO.obj (.text:opcion_default)
                  000059cc    00000004     rtsv7M4_T_le_v4SPD16_eabi.lib : printf.c.obj (.text:_outs)
                  000059d0    000000e0     sysbios.aem4f : BIOS.obj (.text:ti_sysbios_knl_Task_Instance_init__E)
                  00005ab0    000000dc     HVAC_Thread.obj (.text:HVAC_Thread)
                  00005b8c    000000dc     rtsv7M4_T_le_v4SPD16_eabi.lib : setvbuf.c.obj (.text:setvbuf)
                  00005c68    000000d4     int_MSP432.obj (.text:Int_enable)
                  00005d3c    000000d4     adc_f_MSP432.obj (.text:adc_pause)
                  00005e10    000000d0     sysbios.aem4f : BIOS.obj (.text:ti_sysbios_heaps_HeapMem_alloc__E)
                  00005ee0    000000c8     system_msp432p401r.obj (.text:SystemInit)
                  00005fa8    000000c4     sysbios.aem4f : BIOS.obj (.text:ti_sysbios_knl_Task_sleep__E)
                  0000606c    000000c0     HVAC_IO.obj (.text:HVAC_InicialiceIO)
                  0000612c    000000bc     uart_f_MSP432.obj (.text:UART_set_location_pin)
                  000061e8    000000bc     rtsv7M4_T_le_v4SPD16_eabi.lib : open.c.obj (.text:open)
                  000062a4    000000b8     int_MSP432.obj (.text:Int_clear_gpio_flags)
                  0000635c    000000b4     uart_f_MSP432.obj (.text:uart_hw_init)
                  00006410    000000b1     rtsv7M4_T_le_v4SPD16_eabi.lib : _printfi.c.obj (.text:_ltostr)
                  000064c1    00000001     --HOLE-- [fill = 0]
                  000064c2    00000002     release_pem4f.oem4f (.text:ti_sysbios_BIOS_nullFunc__I)
                  000064c4    000000aa     adc_f_MSP432.obj (.text:adc_ioctl)
                  0000656e    00000002     --HOLE-- [fill = 0]
                  00006570    000000aa     sysbios.aem4f : BIOS.obj (.text:xdc_runtime_Core_createObject__I)
                  0000661a    00000004     rtsv7M4_T_le_v4SPD16_eabi.lib : exit.c.obj (.text:abort:abort)
                  0000661e    00000002     --HOLE-- [fill = 0]
                  00006620    000000a8     sysbios.aem4f : BIOS.obj (.text:ti_sysbios_family_arm_msp432_Timer_periodicStub__E)
                  000066c8    000000a8     uart_f_MSP432.obj (.text:uart_open)
                  00006770    000000a4     sysbios.aem4f : BIOS.obj (.text:ti_sysbios_knl_Task_setPri__E)
                  00006814    000000a0     HVAC_IO.obj (.text:HVAC_PrintState)
                  000068b4    000000a0     auto_init.aem4f : auto_init.oem4f (.text)
                  00006954    0000009c     rtsv7M4_T_le_v4SPD16_eabi.lib : _bufread.c.obj (.text:__TI_buff_read)
                  000069f0    0000009c                                   : fopen.c.obj (.text:fopen)
                  00006a8c    0000009c                                   : memcpy_t2.asm.obj (.text)
                  00006b28    00000096                                   : ull_div_t2.asm.obj (.text)
                  00006bbe    00000002     --HOLE-- [fill = 0]
                  00006bc0    00000094     sysbios.aem4f : BIOS.obj (.text:_pthread_removeThreadKeys)
                  00006c54    00000004     release_pem4f.oem4f (.text:ti_sysbios_family_arm_m3_TaskSupport_Module__startupDone__S)
                  00006c58    00000094     sysbios.aem4f : BIOS.obj (.text:ti_sysbios_family_arm_m3_Hwi_initNVIC__E)
                  00006cec    00000004     --HOLE-- [fill = 0]
                  00006cf0    00000094                   : BIOS.obj (.text:ti_sysbios_knl_Task_exit__E)
                  00006d84    00000090     HVAC_IO.obj (.text:HVAC_InicialiceADC)
                  00006e14    00000090     adc_f_MSP432.obj (.text:adc_close)
                  00006ea4    00000004     --HOLE-- [fill = 0]
                  00006ea8    00000090     sysbios.aem4f : BIOS.obj (.text:ti_sysbios_knl_Task_Module_startup__E)
                  00006f38    0000008c     gpio_f_MSP432.obj (.text:gpio_close)
                  00006fc4    0000008c     sysbios.aem4f : m3_TaskSupport_asm.obj (.text:ti_sysbios_family_arm_m3_TaskSupport_buildTaskStack)
                  00007050    0000008c                   : BIOS.obj (.text:xdc_runtime_Memory_alloc__E)
                  000070dc    00000088     adc_f_MSP432.obj (.text:adc_temperature)
                  00007164    00000086     rtsv7M4_T_le_v4SPD16_eabi.lib : fd_cmp_t2.asm.obj (.text:__aeabi_cdcmple)
                  000071ea    00000086                                   : fd_cmp_t2.asm.obj (.text:__aeabi_cdrcmple)
                  00007270    00000086     sysbios.aem4f : BIOS.obj (.text:xdc_runtime_Core_constructObject__I)
                  000072f6    00000002     --HOLE-- [fill = 0]
                  000072f8    00000084     msp432p4xx_driverlib.lib : pcm.o (.text:PCM_gotoLPM3)
                  0000737c    00000084     adc_f_MSP432.obj (.text:adc_hw_init)
                  00007400    00000084     sysbios.aem4f : BIOS.obj (.text:ti_sysbios_family_arm_m3_Hwi_postInit__I)
                  00007484    00000004     --HOLE-- [fill = 0]
                  00007488    00000084                   : BIOS.obj (.text:ti_sysbios_heaps_HeapMem_free__E)
                  0000750c    00000084     timer_f_msp432.obj (.text:timer_close)
                  00007590    00000080     int_MSP432.obj (.text:Int_enableInterrupt)
                  00007610    00000080     sysbios.aem4f : BIOS.obj (.text:ti_sysbios_knl_Clock_workFunc__E)
                  00007690    0000007c     HVAC_IO.obj (.text:HVAC_LUCES)
                  0000770c    0000007a     rtsv7M4_T_le_v4SPD16_eabi.lib : memset_t2.asm.obj (.text)
                  00007786    00000078     Files.obj (.text:ioctl)
                  000077fe    00000002     --HOLE-- [fill = 0]
                  00007800    00000074     adc_f_MSP432.obj (.text:ADC14_IRQHandler)
                  00007874    00000074     int_MSP432.obj (.text:Int_disable)
                  000078e8    00000074     rtsv7M4_T_le_v4SPD16_eabi.lib : fclose.c.obj (.text:__TI_closefile)
                  0000795c    00000074     timer_f_msp432.obj (.text:clean_timer)
                  000079d0    00000070     sysbios.aem4f : BIOS.obj (.text:ti_sysbios_heaps_HeapMem_initPrimary__I)
                  00007a40    0000006e     rtsv7M4_T_le_v4SPD16_eabi.lib : _printfi.c.obj (.text:_mcpy)
                  00007aae    00000002     --HOLE-- [fill = 0]
                  00007ab0    0000006c                                   : hostrename.c.obj (.text:HOSTrename)
                  00007b1c    00000004     --HOLE-- [fill = 0]
                  00007b20    0000006c     sysbios.aem4f : BIOS.obj (.text:ti_sysbios_knl_Swi_restoreHwi__E)
                  00007b8c    00000068     rtsv7M4_T_le_v4SPD16_eabi.lib : hostlseek.c.obj (.text:HOSTlseek)
                  00007bf4    00000068                                   : copy_decompress_lzss.c.obj (.text:decompress:lzss:__TI_decompress_lzss)
                  00007c5c    00000068     Files.obj (.text:fread_f)
                  00007cc4    00000068     Files.obj (.text:gen_name_file)
                  00007d2c    00000068     rtsv7M4_T_le_v4SPD16_eabi.lib : printf.c.obj (.text:printf)
                  00007d94    00000004     --HOLE-- [fill = 0]
                  00007d98    00000066     sysbios.aem4f : BIOS.obj (.text:xdc_runtime_Core_deleteObject__I)
                  00007dfe    00000002     --HOLE-- [fill = 0]
                  00007e00    00000064     rtsv7M4_T_le_v4SPD16_eabi.lib : s_frexp.c.obj (.text:frexp)
                  00007e64    00000064                                   : fseek.c.obj (.text:fseek)
                  00007ec8    00000064     Threads.obj (.text:main)
                  00007f2c    00000004     --HOLE-- [fill = 0]
                  00007f30    00000064     sysbios.aem4f : BIOS.obj (.text:pthread_exit)
                  00007f94    00000004     --HOLE-- [fill = 0]
                  00007f98    00000064                   : BIOS.obj (.text:ti_sysbios_family_arm_m3_Hwi_dispatchC__I)
                  00007ffc    00000064     timer_f_msp432.obj (.text:timer_hw_init)
                  00008060    00000062     rtsv7M4_T_le_v4SPD16_eabi.lib : _io_perm.c.obj (.text:__TI_wrt_ok)
                  000080c2    00000002     --HOLE-- [fill = 0]
                  000080c4    00000060                                   : hostopen.c.obj (.text:HOSTopen)
                  00008124    00000004     --HOLE-- [fill = 0]
                  00008128    00000060     sysbios.aem4f : BIOS.obj (.text:ti_sysbios_knl_Semaphore_post__E)
                  00008188    00000060                   : BIOS.obj (.text:ti_sysbios_knl_Swi_run__I)
                  000081e8    00000060     release_pem4f.oem4f (.text:ti_sysbios_knl_Task_create)
                  00008248    0000005e     msp432p4xx_driverlib.lib : pcm.o (.text:PCM_getCoreVoltageLevel)
                  000082a6    00000002     --HOLE-- [fill = 0]
                  000082a8    0000005c     int_MSP432.obj (.text:Int_registerInterrupt)
                  00008304    0000005c     rtsv7M4_T_le_v4SPD16_eabi.lib : close.c.obj (.text:close)
                  00008360    0000005c     sysbios.aem4f : BIOS.obj (.text:ti_sysbios_knl_Swi_schedule__I)
                  000083bc    00000004     --HOLE-- [fill = 0]
                  000083c0    0000005c                   : BIOS.obj (.text:ti_sysbios_knl_Task_startCore__E)
                  0000841c    00000004     --HOLE-- [fill = 0]
                  00008420    0000005c                   : BIOS.obj (.text:xdc_runtime_Startup_exec__E)
                  0000847c    0000005a     msp432p4xx_driverlib.lib : pcm.o (.text:PCM_getPowerMode)
                  000084d6    00000002     --HOLE-- [fill = 0]
                  000084d8    00000058     rtsv7M4_T_le_v4SPD16_eabi.lib : hostread.c.obj (.text:HOSTread)
                  00008530    00000058                                   : hostwrite.c.obj (.text:HOSTwrite)
                  00008588    00000058     uart_f_MSP432.obj (.text:UART_clck_source)
                  000085e0    00000058     uart_f_MSP432.obj (.text:UART_set_baud_rate)
                  00008638    00000058     adc_f_MSP432.obj (.text:adc_read)
                  00008690    00000058     boot.aem4f : boot.oem4f (.text)
                  000086e8    00000058     sysbios.aem4f : m3_Hwi_asm_switch.obj (.text:ti_sysbios_family_arm_m3_Hwi_initStacks__E)
                  00008740    00000056     rtsv7M4_T_le_v4SPD16_eabi.lib : _printfi.c.obj (.text:_pconv_f)
                  00008796    00000002     --HOLE-- [fill = 0]
                  00008798    00000054     msp432p4xx_driverlib.lib : pcm.o (.text:PCM_shutdownDevice)
                  000087ec    00000054     rtsv7M4_T_le_v4SPD16_eabi.lib : _ltoa.c.obj (.text:__TI_ltoa)
                  00008840    00000054     sysbios.aem4f : BIOS.obj (.text:ti_sysbios_family_arm_msp432_Timer_initDevice__I)
                  00008894    00000052     rtsv7M4_T_le_v4SPD16_eabi.lib : _printfi.c.obj (.text:_ecpy)
                  000088e6    00000002     --HOLE-- [fill = 0]
                  000088e8    00000050     sysbios.aem4f : BIOS.obj (.text:ti_sysbios_family_arm_m3_Hwi_Module_startup__E)
                  00008938    0000004c     rtsv7M4_T_le_v4SPD16_eabi.lib : fflush.c.obj (.text:__TI_doflush)
                  00008984    0000004c                                   : atoi.c.obj (.text:atoi)
                  000089d0    0000004c                                   : cpy_tbl.c.obj (.text:copy_in)
                  00008a1c    00000004     --HOLE-- [fill = 0]
                  00008a20    0000004c     sysbios.aem4f : BIOS.obj (.text:ti_sysbios_family_arm_msp432_Timer_postInit__I)
                  00008a6c    00000004     --HOLE-- [fill = 0]
                  00008a70    0000004c                   : BIOS.obj (.text:ti_sysbios_family_arm_msp432_Timer_start__E)
                  00008abc    00000004     --HOLE-- [fill = 0]
                  00008ac0    0000004c                   : BIOS.obj (.text:ti_sysbios_heaps_HeapMem_getStats__E)
                  00008b0c    00000004     --HOLE-- [fill = 0]
                  00008b10    0000004c                   : BIOS.obj (.text:ti_sysbios_knl_Swi_runLoop__I)
                  00008b5c    00000004     --HOLE-- [fill = 0]
                  00008b60    0000004c                   : BIOS.obj (.text:ti_sysbios_knl_Task_allBlockedFunction__I)
                  00008bac    00000004     --HOLE-- [fill = 0]
                  00008bb0    0000004c                   : BIOS.obj (.text:ti_sysbios_knl_Task_schedule__I)
                  00008bfc    0000004a     rtsv7M4_T_le_v4SPD16_eabi.lib : _io_perm.c.obj (.text:__TI_rd_ok)
                  00008c46    00000002     --HOLE-- [fill = 0]
                  00008c48    00000048                                   : exit.c.obj (.text:exit)
                  00008c90    00000048                                   : fd_toi_t2.asm.obj (.text)
                  00008cd8    00000048     sysbios.aem4f : BIOS.obj (.text:ti_sysbios_family_arm_m3_Hwi_enableInterrupt__E)
                  00008d20    00000048                   : BIOS.obj (.text:ti_sysbios_knl_Mailbox_Module_startup__E)
                  00008d68    00000048                   : BIOS.obj (.text:xdc_runtime_Core_assignParams__I)
                  00008db0    00000044     rtsv7M4_T_le_v4SPD16_eabi.lib : hostclose.c.obj (.text:HOSTclose)
                  00008df4    00000044                                   : hostunlink.c.obj (.text:HOSTunlink)
                  00008e38    00000044     HVAC_IO.obj (.text:HVAC_InicialiceUART)
                  00008e7c    00000044     uart_f_MSP432.obj (.text:fputs)
                  00008ec0    00000044     rtsv7M4_T_le_v4SPD16_eabi.lib : getdevice.c.obj (.text:getdevice)
                  00008f04    00000004     --HOLE-- [fill = 0]
                  00008f08    00000044     sysbios.aem4f : BIOS.obj (.text:ti_sysbios_family_arm_m3_Hwi_getStackInfo__E)
                  00008f4c    00000004     --HOLE-- [fill = 0]
                  00008f50    00000044                   : BIOS.obj (.text:ti_sysbios_knl_Swi_post__E)
                  00008f94    00000044     release_pem4f.oem4f (.text:ti_sysbios_rts_MemAlloc_alloc)
                  00008fd8    00000044     uart_f_MSP432.obj (.text:uart_ioctl)
                  0000901c    00000040     rtsv7M4_T_le_v4SPD16_eabi.lib : sprintf.c.obj (.text:sprintf)
                  0000905c    00000004     --HOLE-- [fill = 0]
                  00009060    00000040     sysbios.aem4f : BIOS.obj (.text:ti_sysbios_family_arm_msp432_Timer_Module_startup__E)
                  000090a0    00000040                   : BIOS.obj (.text:ti_sysbios_family_arm_msp432_Timer_startup__E)
                  000090e0    00000040     release_pem4f.oem4f (.text:ti_sysbios_gates_GateHwi_Object__create__S)
                  00009120    00000040     release_pem4f.oem4f (.text:ti_sysbios_gates_GateMutex_Object__create__S)
                  00009160    00000040     sysbios.aem4f : BIOS.obj (.text:ti_sysbios_heaps_HeapMem_Instance_init__E)
                  000091a0    00000040     release_pem4f.oem4f (.text:ti_sysbios_heaps_HeapMem_Object__create__S)
                  000091e0    0000003e     rtsv7M4_T_le_v4SPD16_eabi.lib : _printfi.c.obj (.text:_fcpy)
                  0000921e    00000002     --HOLE-- [fill = 0]
                  00009220    0000003c     sysbios.aem4f : BIOS.obj (.text:sleep)
                  0000925c    00000004     --HOLE-- [fill = 0]
                  00009260    0000003c                   : BIOS.obj (.text:ti_sysbios_family_arm_msp432_Seconds_Module_startup__E)
                  0000929c    00000004     --HOLE-- [fill = 0]
                  000092a0    0000003c                   : BIOS.obj (.text:ti_sysbios_knl_Swi_restore__E)
                  000092dc    00000004     --HOLE-- [fill = 0]
                  000092e0    0000003c                   : BIOS.obj (.text:usleep)
                  0000931c    00000038     rtsv7M4_T_le_v4SPD16_eabi.lib : trgmsg.c.obj (.text:__TI_writemsg)
                  00009354    00000038     release_pem4f.oem4f (.text:ti_sysbios_knl_Clock_doTick__I)
                  0000938c    00000004     --HOLE-- [fill = 0]
                  00009390    00000038     sysbios.aem4f : BIOS.obj (.text:xdc_runtime_System_atexit__E)
                  000093c8    00000036     rtsv7M4_T_le_v4SPD16_eabi.lib : strncpy.c.obj (.text:strncpy)
                  000093fe    00000002     --HOLE-- [fill = 0]
                  00009400    00000034     uart_f_MSP432.obj (.text:UART_set_parity)
                  00009434    00000034     rtsv7M4_T_le_v4SPD16_eabi.lib : fopen.c.obj (.text:__TI_cleanup)
                  00009468    00000034                                   : trgmsg.c.obj (.text:__TI_readmsg)
                  0000949c    00000034     release_pem4f.oem4f (.text:ti_sysbios_knl_Semaphore_construct)
                  000094d0    00000032     sysbios.aem4f : BIOS.obj (.text:ti_sysbios_hal_Hwi_initStack)
                  00009502    00000002     --HOLE-- [fill = 0]
                  00009504    00000030     rtsv7M4_T_le_v4SPD16_eabi.lib : getdevice.c.obj (.text:finddevice)
                  00009534    00000030     release_pem4f.oem4f (.text:ti_sysbios_BIOS_atExitFunc__I)
                  00009564    00000030     release_pem4f.oem4f (.text:ti_sysbios_BIOS_rtsLock__I)
                  00009594    00000030     release_pem4f.oem4f (.text:ti_sysbios_BIOS_startFunc__I)
                  000095c4    00000030     release_pem4f.oem4f (.text:ti_sysbios_family_arm_m3_Hwi_Object__get__S)
                  000095f4    00000004     --HOLE-- [fill = 0]
                  000095f8    00000030     sysbios.aem4f : BIOS.obj (.text:ti_sysbios_family_arm_m3_TaskSupport_start__E)
                  00009628    00000030                   : BIOS.obj (.text:ti_sysbios_gates_GateMutex_enter__E)
                  00009658    00000030     release_pem4f.oem4f (.text:ti_sysbios_heaps_HeapMem_Object__get__S)
                  00009688    00000030     sysbios.aem4f : BIOS.obj (.text:ti_sysbios_knl_Mailbox_postInit__I)
                  000096b8    00000030     release_pem4f.oem4f (.text:ti_sysbios_knl_Queue_construct)
                  000096e8    00000030     sysbios.aem4f : BIOS.obj (.text:ti_sysbios_knl_Semaphore_pendTimeout__I)
                  00009718    00000030     release_pem4f.oem4f (.text:ti_sysbios_knl_Swi_Object__get__S)
                  00009748    00000030     sysbios.aem4f : BIOS.obj (.text:ti_sysbios_knl_Task_processVitalTaskFlag__I)
                  00009778    00000030                   : BIOS.obj (.text:ti_sysbios_knl_Task_restore__E)
                  000097a8    00000030                   : BIOS.obj (.text:ti_sysbios_knl_Task_unblockI__E)
                  000097d8    00000030                   : BIOS.obj (.text:xdc_runtime_System_processAtExit__E)
                  00009808    0000002e                   : BIOS.obj (.text:pthread_setcancelstate)
                  00009836    0000002e     rtsv7M4_T_le_v4SPD16_eabi.lib : i_tofd_t2.asm.obj (.text)
                  00009864    0000002c     msp432p4xx_driverlib.lib : rtc_c.o (.text:RTC_C_holdClock)
                  00009890    0000002c     sysbios.aem4f : BIOS.obj (.text:_pthread_cleanupFxn)
                  000098bc    00000004     --HOLE-- [fill = 0]
                  000098c0    0000002c                   : BIOS.obj (.text:_pthread_delete$43)
                  000098ec    0000002c     rtsv7M4_T_le_v4SPD16_eabi.lib : strncmp.c.obj (.text:strncmp)
                  00009918    0000002c     release_pem4f.oem4f (.text:ti_sysbios_BIOS_rtsUnlock__I)
                  00009944    0000002c     release_pem4f.oem4f (.text:ti_sysbios_gates_GateHwi_Handle__label__S)
                  00009970    0000002c     release_pem4f.oem4f (.text:ti_sysbios_gates_GateMutex_Handle__label__S)
                  0000999c    0000002c     release_pem4f.oem4f (.text:ti_sysbios_heaps_HeapMem_Handle__label__S)
                  000099c8    0000002c     release_pem4f.oem4f (.text:ti_sysbios_knl_Semaphore_Params__init__S)
                  000099f4    0000002c     release_pem4f.oem4f (.text:ti_sysbios_knl_Task_Object__get__S)
                  00009a20    0000002c     release_pem4f.oem4f (.text:ti_sysbios_knl_Task_Params__init__S)
                  00009a4c    0000002c     rtsv7M4_T_le_v4SPD16_eabi.lib : unlink.c.obj (.text:unlink)
                  00009a78    00000028     msp432p4xx_driverlib.lib : pcm.o (.text:PCM_gotoLPM0)
                  00009aa0    00000028     uart_f_MSP432.obj (.text:fputc)
                  00009ac8    00000028     release_pem4f.oem4f (.text:free)
                  00009af0    00000028     rtsv7M4_T_le_v4SPD16_eabi.lib : lseek.c.obj (.text:lseek)
                  00009b18    00000028                                   : read.c.obj (.text:read)
                  00009b40    00000028     sysbios.aem4f : m3_Hwi_asm.obj (.text:ti_sysbios_family_arm_m3_Hwi_excHandlerAsm__I)
                  00009b68    00000028     release_pem4f.oem4f (.text:ti_sysbios_gates_GateMutex_Object__delete__S)
                  00009b90    00000028     sysbios.aem4f : BIOS.obj (.text:ti_sysbios_knl_Clock_addI__E)
                  00009bb8    00000028                   : BIOS.obj (.text:ti_sysbios_knl_Swi_Module_startup__E)
                  00009be0    00000028     release_pem4f.oem4f (.text:ti_sysbios_knl_Task_Object__delete__S)
                  00009c08    00000028     rtsv7M4_T_le_v4SPD16_eabi.lib : write.c.obj (.text:write)
                  00009c30    00000026     sysbios.aem4f : m3_Hwi_asm.obj (.text:ti_sysbios_family_arm_m3_Hwi_pendSV__I)
                  00009c56    00000002     --HOLE-- [fill = 0]
                  00009c58    00000024     msp432p4xx_driverlib.lib : wdt_a.o (.text:WDT_A_holdTimer)
                  00009c7c    00000004     --HOLE-- [fill = 0]
                  00009c80    00000024     sysbios.aem4f : BIOS.obj (.text:pthread_attr_init)
                  00009ca4    00000024     release_pem4f.oem4f (.text:ti_sysbios_BIOS_registerRTSLock__I)
                  00009cc8    00000024     release_pem4f.oem4f (.text:ti_sysbios_gates_GateHwi_Object__delete__S)
                  00009cec    00000024     release_pem4f.oem4f (.text:ti_sysbios_heaps_HeapMem_Object__delete__S)
                  00009d10    00000024     sysbios.aem4f : BIOS.obj (.text:ti_sysbios_knl_Clock_Module_startup__E)
                  00009d34    00000004     --HOLE-- [fill = 0]
                  00009d38    00000024                   : BIOS.obj (.text:ti_sysbios_knl_Semaphore_Instance_init__E)
                  00009d5c    00000004     --HOLE-- [fill = 0]
                  00009d60    00000024                   : BIOS.obj (.text:ti_sysbios_knl_Task_restoreHwi__E)
                  00009d84    00000004     --HOLE-- [fill = 0]
                  00009d88    00000024                   : BIOS.obj (.text:xdc_runtime_Error_policyMin__E)
                  00009dac    00000020     rtsv7M4_T_le_v4SPD16_eabi.lib : memchr.c.obj (.text:memchr)
                  00009dcc    00000020     release_pem4f.oem4f (.text:ti_sysbios_BIOS_removeRTSLock__I)
                  00009dec    00000004     --HOLE-- [fill = 0]
                  00009df0    00000020     sysbios.aem4f : BIOS.obj (.text:ti_sysbios_knl_Idle_run__E)
                  00009e10    00000020     release_pem4f.oem4f (.text:ti_sysbios_knl_Mailbox_Object__get__S)
                  00009e30    00000020     release_pem4f.oem4f (.text:ti_sysbios_knl_Semaphore_destruct)
                  00009e50    00000020     release_pem4f.oem4f (.text:ti_sysbios_rts_ti_ReentSupport_getTlsAddr__I)
                  00009e70    00000020     uart_f_MSP432.obj (.text:uart_close)
                  00009e90    00000020     release_pem4f.oem4f (.text:xdc_runtime_IHeap_alloc)
                  00009eb0    0000001e     rtsv7M4_T_le_v4SPD16_eabi.lib : strcat.c.obj (.text:strcat)
                  00009ece    0000001e     sysbios.aem4f : m3_Hwi_asm_switch.obj (.text:ti_sysbios_family_xxx_Hwi_switchAndRunFunc)
                  00009eec    0000001e     release_pem4f.oem4f (.text:ti_sysbios_knl_Task_SupportProxy_start__E)
                  00009f0a    0000001e     release_pem4f.oem4f (.text:xdc_runtime_Memory_HeapProxy_alloc__E)
                  00009f28    0000001c     rtsv7M4_T_le_v4SPD16_eabi.lib : memccpy.c.obj (.text:memccpy)
                  00009f44    0000001c     release_pem4f.oem4f (.text:ti_sysbios_family_arm_m3_Hwi_Module__startupDone__F)
                  00009f60    0000001c     sysbios.aem4f : BIOS.obj (.text:ti_sysbios_family_arm_m3_Hwi_excHandler__I)
                  00009f7c    0000001c     release_pem4f.oem4f (.text:ti_sysbios_family_arm_msp432_Timer_Module__startupDone__F)
                  00009f98    0000001c     sysbios.aem4f : BIOS.obj (.text:ti_sysbios_gates_GateMutex_Instance_init__E)
                  00009fb4    0000001c     release_pem4f.oem4f (.text:ti_sysbios_knl_Queue_Object__get__S)
                  00009fd0    0000001c     release_pem4f.oem4f (.text:ti_sysbios_knl_Queue_destruct)
                  00009fec    00000004     --HOLE-- [fill = 0]
                  00009ff0    0000001c     sysbios.aem4f : BIOS.obj (.text:ti_sysbios_knl_Queue_put__E)
                  0000a00c    00000004     --HOLE-- [fill = 0]
                  0000a010    0000001c                   : BIOS.obj (.text:ti_sysbios_knl_Task_enter__I)
                  0000a02c    00000004     --HOLE-- [fill = 0]
                  0000a030    0000001c                   : BIOS.obj (.text:ti_sysbios_rts_ti_ReentSupport_getReent__F)
                  0000a04c    00000004     --HOLE-- [fill = 0]
                  0000a050    0000001c                   : BIOS.obj (.text:xdc_runtime_Memory_valloc__E)
                  0000a06c    0000001c     release_pem4f.oem4f (.text:xdc_runtime_Startup_exec__I)
                  0000a088    0000001c     sysbios.aem4f : BIOS.obj (.text:xdc_runtime_System_abort__E)
                  0000a0a4    0000001b     uart_f_MSP432.obj (.text:print)
                  0000a0bf    00000001     --HOLE-- [fill = 0]
                  0000a0c0    0000001a     rtsv7M4_T_le_v4SPD16_eabi.lib : s_copysign.c.obj (.text:copysign)
                  0000a0da    0000001a     release_pem4f.oem4f (.text:xdc_runtime_IHeap_free)
                  0000a0f4    00000018     release_pem4f.oem4f (.text:.bootCodeSection:ti_sysbios_family_arm_msp432_init_Boot_init__I)
                  0000a10c    00000018     uart_f_MSP432.obj (.text:UART_B_char_IE)
                  0000a124    00000018     uart_f_MSP432.obj (.text:UART_E_char_IE)
                  0000a13c    00000018     uart_f_MSP432.obj (.text:UART_data_bits)
                  0000a154    00000018     uart_f_MSP432.obj (.text:UART_mode)
                  0000a16c    00000018     uart_f_MSP432.obj (.text:UART_set_oversampling)
                  0000a184    00000018     uart_f_MSP432.obj (.text:UART_set_stop_bits)
                  0000a19c    00000018     uart_f_MSP432.obj (.text:UART_set_transmision_dir)
                  0000a1b4    00000018     rtsv7M4_T_le_v4SPD16_eabi.lib : args_main.c.obj (.text:_args_main)
                  0000a1cc    00000018                                   : sprintf.c.obj (.text:_outs)
                  0000a1e4    00000018                                   : strcmp.c.obj (.text:strcmp)
                  0000a1fc    00000018     sysbios.aem4f : m3_TaskSupport_asm.obj (.text:ti_sysbios_family_arm_m3_TaskSupport_swap__E)
                  0000a214    00000004     --HOLE-- [fill = 0]
                  0000a218    00000018                   : BIOS.obj (.text:ti_sysbios_gates_GateMutex_leave__E)
                  0000a230    00000018                   : BIOS.obj (.text:ti_sysbios_knl_Task_sleepTimeout__I)
                  0000a248    00000018                   : BIOS.obj (.text:xdc_runtime_Error_init__E)
                  0000a260    00000018                   : BIOS.obj (.text:xdc_runtime_System_exit__E)
                  0000a278    00000016     rtsv7M4_T_le_v4SPD16_eabi.lib : strchr.c.obj (.text:strchr)
                  0000a28e    00000016     release_pem4f.oem4f (.text:ti_sysbios_BIOS_exitFunc__I)
                  0000a2a4    00000004     --HOLE-- [fill = 0]
                  0000a2a8    00000016     sysbios.aem4f : BIOS.obj (.text:ti_sysbios_knl_Task_unblock__E)
                  0000a2be    00000002     --HOLE-- [fill = 0]
                  0000a2c0    00000014     msp432p4xx_driverlib.lib : pcm.o (.text:PCM_getPowerState)
                  0000a2d4    00000004     --HOLE-- [fill = 0]
                  0000a2d8    00000014     sysbios.aem4f : BIOS.obj (.text:pthread_attr_setschedparam)
                  0000a2ec    00000014     rtsv7M4_T_le_v4SPD16_eabi.lib : strcpy.c.obj (.text:strcpy)
                  0000a300    00000014                                   : strlen.c.obj (.text:strlen)
                  0000a314    00000004     --HOLE-- [fill = 0]
                  0000a318    00000014     sysbios.aem4f : BIOS.obj (.text:ti_sysbios_family_arm_m3_Hwi_switchFromBootStack__E)
                  0000a32c    00000014     release_pem4f.oem4f (.text:ti_sysbios_hal_Hwi_HwiProxy_getStackInfo__E)
                  0000a340    00000014     release_pem4f.oem4f (.text:ti_sysbios_knl_Clock_Module_State_clockQ)
                  0000a354    00000014     release_pem4f.oem4f (.text:xdc_runtime_Memory_HeapProxy_free__E)
                  0000a368    00000012     sysbios.aem4f : BIOS.obj (.text:_pthread_cleanup_pop)
                  0000a37a    00000006     --HOLE-- [fill = 0]
                  0000a380    00000012                   : BIOS.obj (.text:_pthread_runStub$43)
                  0000a392    00000006     --HOLE-- [fill = 0]
                  0000a398    00000012                   : BIOS.obj (.text:ti_sysbios_hal_Hwi_Module_startup__E)
                  0000a3aa    00000012     rtsv7M4_T_le_v4SPD16_eabi.lib : wcslen.c.obj (.text:wcslen)
                  0000a3bc    00000010     HVAC_IO.obj (.text:INT_SWI)
                  0000a3cc    00000010     msp432p4xx_driverlib.lib : pcm.o (.text:PCM_gotoLPM4)
                  0000a3dc    00000010                              : pcm.o (.text:PCM_setPowerMode)
                  0000a3ec    00000010                              : pcm.o (.text:PCM_setPowerState)
                  0000a3fc    00000010     gpio_f_MSP432.obj (.text:gpio_read)
                  0000a40c    00000010     release_pem4f.oem4f (.text:ti_sysbios_BIOS_RtsGateProxy_leave__E)
                  0000a41c    00000004     --HOLE-- [fill = 0]
                  0000a420    00000010     sysbios.aem4f : BIOS.obj (.text:ti_sysbios_BIOS_exit__E)
                  0000a430    00000010                   : BIOS.obj (.text:ti_sysbios_BIOS_setThreadType__E)
                  0000a440    00000010                   : BIOS.obj (.text:ti_sysbios_BIOS_start__E)
                  0000a450    00000010                   : m3_TaskSupport_asm.obj (.text:ti_sysbios_family_arm_m3_TaskSupport_glue)
                  0000a460    00000010                   : BIOS.obj (.text:ti_sysbios_family_arm_msp432_init_Boot_disableWatchdog)
                  0000a470    00000010                   : BIOS.obj (.text:ti_sysbios_gates_GateMutex_Instance_finalize__E)
                  0000a480    00000010     release_pem4f.oem4f (.text:ti_sysbios_heaps_HeapMem_Module_GateProxy_leave__E)
                  0000a490    00000010     sysbios.aem4f : BIOS.obj (.text:ti_sysbios_knl_Semaphore_Instance_finalize__E)
                  0000a4a0    00000010                   : BIOS.obj (.text:ti_sysbios_knl_Swi_disable__E)
                  0000a4b0    00000010     release_pem4f.oem4f (.text:ti_sysbios_knl_Task_SupportProxy_swap__E)
                  0000a4c0    00000010     sysbios.aem4f : BIOS.obj (.text:ti_sysbios_knl_Task_disable__E)
                  0000a4d0    00000010     uart_f_MSP432.obj (.text:uart_read)
                  0000a4e0    00000010     sysbios.aem4f : BIOS.obj (.text:xdc_runtime_Gate_leaveSystem__E)
                  0000a4f0    00000010                   : BIOS.obj (.text:xdc_runtime_Memory_free__E)
                  0000a500    00000010                   : BIOS.obj (.text:xdc_runtime_SysCallback_abort__E)
                  0000a510    00000010                   : BIOS.obj (.text:xdc_runtime_SysCallback_exit__E)
                  0000a520    00000010     release_pem4f.oem4f (.text:xdc_runtime_System_Module_GateProxy_leave__E)
                  0000a530    0000000e     rtsv7M4_T_le_v4SPD16_eabi.lib : copy_decompress_none.c.obj (.text:decompress:none:__TI_decompress_none)
                  0000a53e    00000002     --HOLE-- [fill = 0]
                  0000a540    0000000e     sysbios.aem4f : BIOS.obj (.text:pthread_attr_setdetachstate)
                  0000a54e    00000002     --HOLE-- [fill = 0]
                  0000a550    0000000e                   : BIOS.obj (.text:ti_sysbios_knl_Idle_loop__E)
                  0000a55e    00000002     --HOLE-- [fill = 0]
                  0000a560    0000000e                   : BIOS.obj (.text:ti_sysbios_knl_Queue_empty__E)
                  0000a56e    00000002     --HOLE-- [fill = 0]
                  0000a570    0000000c     rtsv7M4_T_le_v4SPD16_eabi.lib : _lock.c.obj (.text:_register_lock)
                  0000a57c    0000000c                                   : _lock.c.obj (.text:_register_unlock)
                  0000a588    0000000c                                   : copy_zero_init.c.obj (.text:decompress:ZI:__TI_zero_init)
                  0000a594    0000000c     release_pem4f.oem4f (.text:malloc)
                  0000a5a0    0000000c     sysbios.aem4f : BIOS.obj (.text:pthread_self)
                  0000a5ac    0000000c     release_pem4f.oem4f (.text:ti_sysbios_BIOS_RtsGateProxy_enter__E)
                  0000a5b8    0000000c     sysbios.aem4f : BIOS.obj (.text:ti_sysbios_family_arm_m3_TaskSupport_getStackAlignment__E)
                  0000a5c4    00000004     --HOLE-- [fill = 0]
                  0000a5c8    0000000c                   : BIOS.obj (.text:ti_sysbios_family_arm_msp432_Timer_getMaxTicks__E)
                  0000a5d4    00000004     --HOLE-- [fill = 0]
                  0000a5d8    0000000c                   : BIOS.obj (.text:ti_sysbios_gates_GateHwi_enter__E)
                  0000a5e4    0000000c     release_pem4f.oem4f (.text:ti_sysbios_heaps_HeapMem_Module_GateProxy_enter__E)
                  0000a5f0    0000000c     release_pem4f.oem4f (.text:ti_sysbios_heaps_HeapMem_Module_GateProxy_query__E)
                  0000a5fc    0000000c     release_pem4f.oem4f (.text:ti_sysbios_knl_Clock_TimerProxy_getMaxTicks__E)
                  0000a608    0000000c     release_pem4f.oem4f (.text:ti_sysbios_knl_Task_delete)
                  0000a614    00000004     --HOLE-- [fill = 0]
                  0000a618    0000000c     sysbios.aem4f : BIOS.obj (.text:ti_sysbios_knl_Task_self__E)
                  0000a624    00000004     --HOLE-- [fill = 0]
                  0000a628    0000000c                   : BIOS.obj (.text:ti_sysbios_rts_ti_ReentSupport_taskRegHook__I)
                  0000a634    00000004     --HOLE-- [fill = 0]
                  0000a638    0000000c                   : BIOS.obj (.text:xdc_runtime_Gate_enterSystem__E)
                  0000a644    00000004     --HOLE-- [fill = 0]
                  0000a648    0000000c                   : BIOS.obj (.text:xdc_runtime_Startup_rtsDone__E)
                  0000a654    0000000c     release_pem4f.oem4f (.text:xdc_runtime_System_Module_GateProxy_enter__E)
                  0000a660    0000000c     release_pem4f.oem4f (.text:xdc_runtime_System_SupportProxy_abort__E)
                  0000a66c    0000000c     release_pem4f.oem4f (.text:xdc_runtime_System_SupportProxy_exit__E)
                  0000a678    0000000a     rtsv7M4_T_le_v4SPD16_eabi.lib : sprintf.c.obj (.text:_outc)
                  0000a682    00000006     --HOLE-- [fill = 0]
                  0000a688    00000008     sysbios.aem4f : BIOS.obj (.text:pthread_attr_setstacksize)
                  0000a690    00000008     rtsv7M4_T_le_v4SPD16_eabi.lib : rewind.c.obj (.text:rewind)
                  0000a698    00000008     release_pem4f.oem4f (.text:ti_sysbios_family_arm_m3_Hwi_Module__startupDone__S)
                  0000a6a0    00000008     sysbios.aem4f : BIOS.obj (.text:ti_sysbios_family_arm_m3_Hwi_doSwiRestore__I)
                  0000a6a8    00000008                   : BIOS.obj (.text:ti_sysbios_family_arm_m3_Hwi_startup__E)
                  0000a6b0    00000008     release_pem4f.oem4f (.text:ti_sysbios_family_arm_msp432_Timer_Module__startupDone__S)
                  0000a6b8    00000008     release_pem4f.oem4f (.text:ti_sysbios_hal_Hwi_HwiProxy_Module__startupDone__S)
                  0000a6c0    00000008     release_pem4f.oem4f (.text:ti_sysbios_hal_Hwi_HwiProxy_startup__E)
                  0000a6c8    00000008     release_pem4f.oem4f (.text:ti_sysbios_hal_Hwi_HwiProxy_switchFromBootStack__E)
                  0000a6d0    00000008     release_pem4f.oem4f (.text:ti_sysbios_knl_Clock_TimerProxy_Module__startupDone__S)
                  0000a6d8    00000008     release_pem4f.oem4f (.text:ti_sysbios_knl_Task_SupportProxy_Module__startupDone__S)
                  0000a6e0    00000008     release_pem4f.oem4f (.text:ti_sysbios_knl_Task_SupportProxy_getStackAlignment__E)
                  0000a6e8    00000008     release_pem4f.oem4f (.text:ti_sysbios_rts_ti_ReentSupport_getReent__E)
                  0000a6f0    00000008     release_pem4f.oem4f (.text:xdc_runtime_Startup_reset__I)
                  0000a6f8    00000006     sysbios.aem4f : BIOS.obj (.text:ti_sysbios_family_arm_m3_Hwi_doTaskRestore__I)
                  0000a6fe    00000002     --HOLE-- [fill = 0]
                  0000a700    00000006                   : BIOS.obj (.text:ti_sysbios_gates_GateHwi_leave__E)
                  0000a706    00000002     --HOLE-- [fill = 0]
                  0000a708    00000006                   : BIOS.obj (.text:ti_sysbios_heaps_HeapMem_isBlocking__E)
                  0000a70e    00000002     --HOLE-- [fill = 0]
                  0000a710    00000006                   : BIOS.obj (.text:ti_sysbios_knl_Queue_Instance_init__E)
                  0000a716    00000002     --HOLE-- [fill = 0]
                  0000a718    00000006                   : BIOS.obj (.text:ti_sysbios_knl_Swi_startup__E)
                  0000a71e    00000002     --HOLE-- [fill = 0]
                  0000a720    00000006                   : BIOS.obj (.text:xdc_runtime_System_Module_startup__E)
                  0000a726    00000002     --HOLE-- [fill = 0]
                  0000a728    00000004                   : BIOS.obj (.text:__aeabi_errno_addr)
                  0000a72c    00000004     --HOLE-- [fill = 0]
                  0000a730    00000004                   : BIOS.obj (.text:ti_sysbios_gates_GateHwi_query__E)
                  0000a734    00000004     --HOLE-- [fill = 0]
                  0000a738    00000004                   : BIOS.obj (.text:ti_sysbios_gates_GateMutex_query__E)
                  0000a73c    00000004     --HOLE-- [fill = 0]
                  0000a740    00000004                   : BIOS.obj (.text:ti_sysbios_knl_Task_startup__E)
                  0000a744    00000004     --HOLE-- [fill = 0]
                  0000a748    00000002                   : BIOS.obj (.text:ti_sysbios_BIOS_linkedWithIncorrectBootLibrary__E)
                  0000a74a    00000006     --HOLE-- [fill = 0]
                  0000a750    00000002                   : BIOS.obj (.text:ti_sysbios_gates_GateHwi_Instance_init__E)
                  0000a752    00000006     --HOLE-- [fill = 0]
                  0000a758    00000002                   : BIOS.obj (.text:ti_sysbios_knl_Clock_logTick__E)
                  0000a75a    00000006     --HOLE-- [fill = 0]
                  0000a760    00000002                   : BIOS.obj (.text:xdc_runtime_SysCallback_defaultAbort)
                  0000a762    00000006     --HOLE-- [fill = 0]
                  0000a768    00000002                   : BIOS.obj (.text:xdc_runtime_SysCallback_defaultExit)
                  0000a76a    00000006     --HOLE-- [fill = 0]
                  0000a770    00000002                   : BIOS.obj (.text:xdc_runtime_System_abortSpin__E)
                  0000a772    00000006     --HOLE-- [fill = 0]
                  0000a778    00000002                   : BIOS.obj (.text:xdc_runtime_System_exitSpin__E)

.const     0    0000a77c    00000628     
                  0000a77c    00000101     rtsv7M4_T_le_v4SPD16_eabi.lib : ctype.c.obj (.const:.string:_ctypes_)
                  0000a87d    00000001     release_pem4f.oem4f (.const:xdc_runtime_Error_policy__C)
                  0000a87e    00000002     release_pem4f.oem4f (.const:ti_sysbios_family_arm_msp432_init_Boot_bypassHFXT__C)
                  0000a880    00000050     Files.obj (.const:instruction_set)
                  0000a8d0    00000048     release_pem4f.oem4f (.const:.string)
                  0000a918    0000003c     release_pem4f.oem4f (.const:ti_sysbios_knl_Task_Object__PARAMS__C)
                  0000a954    00000036     Files.obj (.const:.string)
                  0000a98a    00000002     release_pem4f.oem4f (.const:ti_sysbios_family_arm_msp432_init_Boot_bypassLFXT__C)
                  0000a98c    00000030     uart_f_MSP432.obj (.const:GPIO_PORT_TO_BASE)
                  0000a9bc    0000002c     HVAC_IO.obj (.const:$P$T2$3)
                  0000a9e8    00000028     release_pem4f.oem4f (.const:ti_sysbios_heaps_HeapMem_Module__FXNS__C)
                  0000aa10    00000024     release_pem4f.oem4f (.const:ti_sysbios_gates_GateHwi_Module__FXNS__C)
                  0000aa34    00000024     release_pem4f.oem4f (.const:ti_sysbios_gates_GateMutex_Module__FXNS__C)
                  0000aa58    00000024     release_pem4f.oem4f (.const:ti_sysbios_heaps_HeapMem_Object__PARAMS__C)
                  0000aa7c    00000024     release_pem4f.oem4f (.const:ti_sysbios_knl_Semaphore_Object__PARAMS__C)
                  0000aaa0    00000024     release_pem4f.oem4f (.const:xdc_runtime_Startup_sfxnTab__A)
                  0000aac4    00000020     HVAC_IO.obj (.const:$P$T1$2)
                  0000aae4    00000020     release_pem4f.oem4f (.const:ti_sysbios_gates_GateHwi_Object__DESC__C)
                  0000ab04    00000020     release_pem4f.oem4f (.const:ti_sysbios_gates_GateMutex_Object__DESC__C)
                  0000ab24    00000020     release_pem4f.oem4f (.const:ti_sysbios_heaps_HeapMem_Object__DESC__C)
                  0000ab44    00000020     release_pem4f.oem4f (.const:ti_sysbios_knl_Queue_Object__DESC__C)
                  0000ab64    00000020     release_pem4f.oem4f (.const:ti_sysbios_knl_Semaphore_Object__DESC__C)
                  0000ab84    00000020     release_pem4f.oem4f (.const:ti_sysbios_knl_Task_Object__DESC__C)
                  0000aba4    00000018     release_pem4f.oem4f (.const:ti_sysbios_gates_GateHwi_Object__PARAMS__C)
                  0000abbc    00000018     release_pem4f.oem4f (.const:ti_sysbios_gates_GateMutex_Object__PARAMS__C)
                  0000abd4    00000018     release_pem4f.oem4f (.const:ti_sysbios_knl_Queue_Object__PARAMS__C)
                  0000abec    00000018     release_pem4f.oem4f (.const:ti_sysbios_knl_Task_hooks__A)
                  0000ac04    00000014     HVAC_IO.obj (.const:$P$T0$1)
                  0000ac18    00000012     release_pem4f.oem4f (.const:xdc_runtime_Startup_sfxnRts__A)
                  0000ac2a    00000002     release_pem4f.oem4f (.const:ti_sysbios_family_arm_msp432_init_Boot_enableHFXT__C)
                  0000ac2c    0000000c     uart_f_MSP432.obj (.const:BRFX)
                  0000ac38    0000000c     uart_f_MSP432.obj (.const:BRS)
                  0000ac44    0000000c     uart_f_MSP432.obj (.const:BRX)
                  0000ac50    0000000c     HVAC_IO.obj (.const:adc_ch_param0)
                  0000ac5c    0000000c     HVAC_IO.obj (.const:adc_ch_param1)
                  0000ac68    0000000c     HVAC_IO.obj (.const:adc_ch_param3)
                  0000ac74    0000000c     release_pem4f.oem4f (.const:xdc_runtime_Startup_firstFxns__A)
                  0000ac80    00000008     HVAC_IO.obj (.const:adc_init)
                  0000ac88    00000008     HVAC_IO.obj (.const:blue)
                  0000ac90    00000008     HVAC_IO.obj (.const:fan)
                  0000ac98    00000008     int_MSP432.obj (.const:g_pulEnRegs)
                  0000aca0    00000008     release_pem4f.oem4f (.const:ti_sysbios_knl_Idle_funcList__A)
                  0000aca8    00000008     release_pem4f.oem4f (.const:ti_sysbios_knl_Idle_funcList__C)
                  0000acb0    00000008     release_pem4f.oem4f (.const:ti_sysbios_knl_Task_hooks__C)
                  0000acb8    00000008     release_pem4f.oem4f (.const:xdc_runtime_Startup_firstFxns__C)
                  0000acc0    00000008     release_pem4f.oem4f (.const:xdc_runtime_Startup_lastFxns__C)
                  0000acc8    00000005     Files.obj (.const:.string:$P$T0$2)
                  0000accd    00000001     --HOLE-- [fill = 0]
                  0000acce    00000002     release_pem4f.oem4f (.const:ti_sysbios_family_arm_msp432_init_Boot_enableLFXT__C)
                  0000acd0    00000004     release_pem4f.oem4f (.const:ti_sysbios_family_arm_m3_Hwi_NUM_INTERRUPTS__C)
                  0000acd4    00000004     release_pem4f.oem4f (.const:ti_sysbios_family_arm_m3_Hwi_Object__count__C)
                  0000acd8    00000004     release_pem4f.oem4f (.const:ti_sysbios_family_arm_m3_Hwi_Object__table__C)
                  0000acdc    00000004     release_pem4f.oem4f (.const:ti_sysbios_family_arm_m3_Hwi_ccr__C)
                  0000ace0    00000004     release_pem4f.oem4f (.const:ti_sysbios_family_arm_m3_Hwi_excHandlerFunc__C)
                  0000ace4    00000004     release_pem4f.oem4f (.const:ti_sysbios_family_arm_m3_Hwi_nullIsrFunc__C)
                  0000ace8    00000004     release_pem4f.oem4f (.const:ti_sysbios_family_arm_m3_Hwi_priGroup__C)
                  0000acec    00000004     release_pem4f.oem4f (.const:ti_sysbios_family_arm_m3_TaskSupport_stackAlignment__C)
                  0000acf0    00000004     release_pem4f.oem4f (.const:ti_sysbios_family_arm_msp432_Timer_numTimerDevices__C)
                  0000acf4    00000004     release_pem4f.oem4f (.const:ti_sysbios_family_arm_msp432_Timer_startupNeeded__C)
                  0000acf8    00000004     release_pem4f.oem4f (.const:ti_sysbios_gates_GateMutex_Instance_State_sem__O)
                  0000acfc    00000004     release_pem4f.oem4f (.const:ti_sysbios_heaps_HeapMem_E_memory__C)
                  0000ad00    00000004     release_pem4f.oem4f (.const:ti_sysbios_heaps_HeapMem_Module__gateObj__C)
                  0000ad04    00000004     release_pem4f.oem4f (.const:ti_sysbios_heaps_HeapMem_Object__count__C)
                  0000ad08    00000004     release_pem4f.oem4f (.const:ti_sysbios_heaps_HeapMem_Object__table__C)
                  0000ad0c    00000004     release_pem4f.oem4f (.const:ti_sysbios_heaps_HeapMem_primaryHeapBaseAddr__C)
                  0000ad10    00000004     release_pem4f.oem4f (.const:ti_sysbios_heaps_HeapMem_primaryHeapEndAddr__C)
                  0000ad14    00000004     release_pem4f.oem4f (.const:ti_sysbios_heaps_HeapMem_reqAlign__C)
                  0000ad18    00000004     release_pem4f.oem4f (.const:ti_sysbios_knl_Clock_Module_State_clockQ__O)
                  0000ad1c    00000004     release_pem4f.oem4f (.const:ti_sysbios_knl_Clock_tickPeriod__C)
                  0000ad20    00000004     release_pem4f.oem4f (.const:ti_sysbios_knl_Mailbox_Instance_State_freeQue__O)
                  0000ad24    00000004     release_pem4f.oem4f (.const:ti_sysbios_knl_Mailbox_Object__count__C)
                  0000ad28    00000004     release_pem4f.oem4f (.const:ti_sysbios_knl_Mailbox_maxTypeAlign__C)
                  0000ad2c    00000004     release_pem4f.oem4f (.const:ti_sysbios_knl_Semaphore_Instance_State_pendQ__O)
                  0000ad30    00000004     release_pem4f.oem4f (.const:ti_sysbios_knl_Swi_Object__count__C)
                  0000ad34    00000004     release_pem4f.oem4f (.const:ti_sysbios_knl_Swi_Object__table__C)
                  0000ad38    00000004     release_pem4f.oem4f (.const:ti_sysbios_knl_Task_Module_State_inactiveQ__O)
                  0000ad3c    00000004     release_pem4f.oem4f (.const:ti_sysbios_knl_Task_Object__count__C)
                  0000ad40    00000004     release_pem4f.oem4f (.const:ti_sysbios_knl_Task_Object__heap__C)
                  0000ad44    00000004     release_pem4f.oem4f (.const:ti_sysbios_knl_Task_Object__table__C)
                  0000ad48    00000004     release_pem4f.oem4f (.const:ti_sysbios_knl_Task_allBlockedFunc__C)
                  0000ad4c    00000004     release_pem4f.oem4f (.const:ti_sysbios_knl_Task_defaultStackHeap__C)
                  0000ad50    00000004     release_pem4f.oem4f (.const:ti_sysbios_knl_Task_defaultStackSize__C)
                  0000ad54    00000004     release_pem4f.oem4f (.const:ti_sysbios_knl_Task_numConstructedTasks__C)
                  0000ad58    00000004     release_pem4f.oem4f (.const:xdc_runtime_Error_E_memory__C)
                  0000ad5c    00000004     release_pem4f.oem4f (.const:xdc_runtime_Error_policyFxn__C)
                  0000ad60    00000004     release_pem4f.oem4f (.const:xdc_runtime_IGateProvider_Interface__BASE__C)
                  0000ad64    00000004     release_pem4f.oem4f (.const:xdc_runtime_IHeap_Interface__BASE__C)
                  0000ad68    00000004     release_pem4f.oem4f (.const:xdc_runtime_IModule_Interface__BASE__C)
                  0000ad6c    00000004     release_pem4f.oem4f (.const:xdc_runtime_Memory_defaultHeapInstance__C)
                  0000ad70    00000004     release_pem4f.oem4f (.const:xdc_runtime_Startup_execImpl__C)
                  0000ad74    00000004     release_pem4f.oem4f (.const:xdc_runtime_Startup_maxPasses__C)
                  0000ad78    00000004     release_pem4f.oem4f (.const:xdc_runtime_Startup_sfxnRts__C)
                  0000ad7c    00000004     release_pem4f.oem4f (.const:xdc_runtime_Startup_sfxnTab__C)
                  0000ad80    00000004     release_pem4f.oem4f (.const:xdc_runtime_Startup_startModsFxn__C)
                  0000ad84    00000004     release_pem4f.oem4f (.const:xdc_runtime_SysCallback_abortFxn__C)
                  0000ad88    00000004     release_pem4f.oem4f (.const:xdc_runtime_SysCallback_exitFxn__C)
                  0000ad8c    00000004     release_pem4f.oem4f (.const:xdc_runtime_System_Module__gateObj__C)
                  0000ad90    00000004     release_pem4f.oem4f (.const:xdc_runtime_System_abortFxn__C)
                  0000ad94    00000004     release_pem4f.oem4f (.const:xdc_runtime_System_exitFxn__C)
                  0000ad98    00000004     release_pem4f.oem4f (.const:xdc_runtime_System_maxAtexitHandlers__C)
                  0000ad9c    00000004     release_pem4f.oem4f (.const:xdc_runtime_Text_nameUnknown__C)
                  0000ada0    00000002     release_pem4f.oem4f (.const:ti_sysbios_heaps_HeapMem_Module__id__C)
                  0000ada2    00000002     release_pem4f.oem4f (.const:xdc_runtime_Memory_Module__id__C)

.cinit     0    0000ada8    00000290     
                  0000ada8    00000256     (.cinit..data.load) [load image, compression = lzss]
                  0000affe    00000002     --HOLE-- [fill = 0]
                  0000b000    0000000c     (__TI_handler_table)
                  0000b00c    00000004     --HOLE-- [fill = 0]
                  0000b010    00000008     (.cinit..bss.load) [load image, compression = zero_init]
                  0000b018    00000008     (.cinit..vtable.load) [load image, compression = zero_init]
                  0000b020    00000018     (__TI_cinit_table)

.init_array 
*          0    00000000    00000000     UNINITIALIZED

.data      0    20000140    00000aac     UNINITIALIZED
                  20000140    000000f0     rtsv7M4_T_le_v4SPD16_eabi.lib : defs.c.obj (.data:_ftable)
                  20000230    00000088     sysbios.aem4f : BIOS.obj (.data:$O1$$)
                  200002b8    00000080     adc_f_MSP432.obj (.data:ADC_time_channel)
                  20000338    00000080     adc_f_MSP432.obj (.data:ADC_time_channel_temp)
                  200003b8    00000080     adc_f_MSP432.obj (.data:ADC_timer_activation)
                  20000438    00000080     release_pem4f.oem4f (.data:ti_sysbios_knl_Swi_Module_State_0_readyQ__A)
                  200004b8    00000080     release_pem4f.oem4f (.data:ti_sysbios_knl_Task_Module_State_0_readyQ__A)
                  20000538    00000080     adc_f_MSP432.obj (.data:time_stopped)
                  200005b8    0000007c     adc_f_MSP432.obj (.data:adc_ch)
                  20000634    00000078     rtsv7M4_T_le_v4SPD16_eabi.lib : host_device.c.obj (.data:_device)
                  200006ac    00000058     HVAC_IO.obj (.data)
                  20000704    00000054     release_pem4f.oem4f (.data:ti_sysbios_gates_GateMutex_Object__table__V)
                  20000758    00000050     rtsv7M4_T_le_v4SPD16_eabi.lib : host_device.c.obj (.data:_stream)
                  200007a8    0000004c     release_pem4f.oem4f (.data:ti_sysbios_knl_Task_Object__table__V)
                  200007f4    00000044     release_pem4f.oem4f (.data:ti_sysbios_family_arm_msp432_Timer_Object__table__V)
                  20000838    00000044     release_pem4f.oem4f (.data:ti_sysbios_knl_Task_Module__state__V)
                  2000087c    00000040     adc_f_MSP432.obj (.data:running_mask)
                  200008bc    00000034     release_pem4f.oem4f (.data:ti_sysbios_family_arm_m3_Hwi_Module__state__V)
                  200008f0    00000030     release_pem4f.oem4f (.data:ti_sysbios_knl_Swi_Object__table__V)
                  20000920    0000002c     release_pem4f.oem4f (.data:ti_sysbios_knl_Clock_Module__state__V)
                  2000094c    00000028     gpio_f_MSP432.obj (.data:gpio_global_irq_map)
                  20000974    00000028     gpio_f_MSP432.obj (.data:gpio_global_pin_map)
                  2000099c    00000024     release_pem4f.oem4f (.data:ti_sysbios_BIOS_Module__state__V)
                  200009c0    00000020     HVAC_IO.obj (.data:botones)
                  200009e0    00000020     timer_f_msp432.obj (.data:last_state)
                  20000a00    00000020     release_pem4f.oem4f (.data:ti_sysbios_family_arm_msp432_Timer_Module_State_0_device__A)
                  20000a20    00000020     timer_f_msp432.obj (.data:time_paused_left)
                  20000a40    00000020     timer_f_msp432.obj (.data:timer_units)
                  20000a60    00000020     release_pem4f.oem4f (.data:xdc_runtime_Error_IgnoreBlock)
                  20000a80    0000001c     release_pem4f.oem4f (.data:ti_sysbios_knl_Swi_Module__state__V)
                  20000a9c    00000018     adc_f_MSP432.obj (.data)
                  20000ab4    00000018     release_pem4f.oem4f (.data:ti_sysbios_family_arm_m3_Hwi_Object__table__V)
                  20000acc    00000018     release_pem4f.oem4f (.data:ti_sysbios_heaps_HeapMem_Object__table__V)
                  20000ae4    00000014     Files.obj (.data:files_active)
                  20000af8    00000010     Files.obj (.data:iter_name$1)
                  20000b08    00000010     rtsv7M4_T_le_v4SPD16_eabi.lib : defs.c.obj (.data)
                  20000b18    00000010     release_pem4f.oem4f (.data:ti_sysbios_family_arm_msp432_Timer_Module_State_0_handles__A)
                  20000b28    00000010     timer_f_msp432.obj (.data)
                  20000b38    0000000c     rtsv7M4_T_le_v4SPD16_eabi.lib : exit.c.obj (.data:$O1$$)
                  20000b44    0000000c     release_pem4f.oem4f (.data:ti_sysbios_family_arm_msp432_Timer_Module__state__V)
                  20000b50    00000009     uart_f_MSP432.obj (.data)
                  20000b59    00000001     --HOLE--
                  20000b5a    00000002     release_pem4f.oem4f (.data:ti_sysbios_family_arm_m3_Hwi_Module_State_0_excActive__A)
                  20000b5c    00000008     rtsv7M4_T_le_v4SPD16_eabi.lib : _lock.c.obj (.data:$O1$$)
                  20000b64    00000008     release_pem4f.oem4f (.data:ti_sysbios_gates_GateHwi_Module__root__V)
                  20000b6c    00000008     release_pem4f.oem4f (.data:ti_sysbios_gates_GateMutex_Module__root__V)
                  20000b74    00000008     release_pem4f.oem4f (.data:ti_sysbios_heaps_HeapMem_Module__root__V)
                  20000b7c    00000008     release_pem4f.oem4f (.data:ti_sysbios_knl_Queue_Module__root__V)
                  20000b84    00000008     release_pem4f.oem4f (.data:ti_sysbios_knl_Semaphore_Module__root__V)
                  20000b8c    00000008     release_pem4f.oem4f (.data:ti_sysbios_knl_Task_Module__root__V)
                  20000b94    00000008     timer_f_msp432.obj (.data:timer_activated)
                  20000b9c    00000008     release_pem4f.oem4f (.data:xdc_runtime_Startup_Module__state__V)
                  20000ba4    00000008     release_pem4f.oem4f (.data:xdc_runtime_System_Module_State_0_atexitHandlers__A)
                  20000bac    00000008     release_pem4f.oem4f (.data:xdc_runtime_System_Module__state__V)
                  20000bb4    00000005     HVAC_IO.obj (.data:LUCES)
                  20000bb9    00000005     HVAC_IO.obj (.data:p1)
                  20000bbe    00000005     HVAC_IO.obj (.data:p2)
                  20000bc3    00000001     --HOLE--
                  20000bc4    00000004     gpio_f_MSP432.obj (.data)
                  20000bc8    00000004     rtsv7M4_T_le_v4SPD16_eabi.lib : fopen.c.obj (.data)
                  20000bcc    00000004                                   : open.c.obj (.data)
                  20000bd0    00000004                                   : stkdepth_vars.c.obj (.data)
                  20000bd4    00000004     release_pem4f.oem4f (.data:ti_sysbios_family_arm_m3_Hwi_Module_State_0_excContext__A)
                  20000bd8    00000004     release_pem4f.oem4f (.data:ti_sysbios_family_arm_m3_Hwi_Module_State_0_excStack__A)
                  20000bdc    00000004     release_pem4f.oem4f (.data:ti_sysbios_gates_GateHwi_Object__table__V)
                  20000be0    00000004     release_pem4f.oem4f (.data:ti_sysbios_knl_Task_Module_State_0_idleTask__A)
                  20000be4    00000004     release_pem4f.oem4f (.data:ti_sysbios_rts_ti_ReentSupport_Module__state__V)
                  20000be8    00000004     release_pem4f.oem4f (.data:xdc_runtime_Memory_Module__state__V)

.vtable    0    20001000    000000e8     UNINITIALIZED
                  20001000    000000e8     int_MSP432.obj (.vtable)

.bss       0    200050e8    00000550     UNINITIALIZED
                  200050e8    00000200     release_pem4f.oem4f (.bss:taskStackSection)
                  200052e8    00000140     (.common:ti_sysbios_family_arm_m3_Hwi_dispatchTable)
                  20005428    00000120     rtsv7M4_T_le_v4SPD16_eabi.lib : trgmsg.c.obj (.bss:_CIOBUF_)
                  20005548    000000a0     (.common:__TI_tmpnams)
                  200055e8    00000040     (.common:state)
                  20005628    00000008     (.common:parmbuf)
                  20005630    00000004     (.common:ti_sysbios_knl_Task_Instance_State_0_hookEnv__A)
                  20005634    00000003     (.common:EstadoBotones)
                  20005637    00000001     (.common:EstadoBanderas)

.priheap   0    200010e8    00004000     UNINITIALIZED
                  200010e8    00004000     --HOLE--

.stack     0    2000fc00    00000400     UNINITIALIZED
                  2000fc00    00000400     --HOLE--

.bootVecs 
*          0    00000000    00000008     DSECT
                  00000000    00000008     boot.aem4f : boot.oem4f (.bootVecs)

.resetVecs 
*          0    00000000    0000003c     
                  00000000    0000003c     release_pem4f.oem4f (.resetVecs)

.vecs      0    20000000    00000140     NOLOAD SECTION
                  20000000    00000140     release_pem4f.oem4f (.vecs)

xdc.meta   0    00000000    00000124     COPY SECTION
                  00000000    00000124     release_pem4f.oem4f (xdc.meta)

xdc.noload 
*          0    00000000    00000000     COPY SECTION

__llvm_prf_cnts 
*          0    20000000    00000000     UNINITIALIZED

.binit     0    00000000    00000000     

MODULE SUMMARY

       Module                       code    ro data   rw data
       ------                       ----    -------   -------
    .\
       HVAC_IO.obj                  3494    156       406    
       HVAC_Thread.obj              220     0         0      
       Threads.obj                  100     0         0      
    +--+----------------------------+-------+---------+---------+
       Total:                       3814    156       406    
                                                             
    .\Aux_files\
       system_msp432p401r.obj       202     0         0      
    +--+----------------------------+-------+---------+---------+
       Total:                       202     0         0      
                                                             
    .\Drivers_obj\
       adc_f_MSP432.obj             4358    0         1448   
       gpio_f_MSP432.obj            4740    0         168    
       timer_f_msp432.obj           2656    0         240    
       uart_f_MSP432.obj            1183    84        18     
       int_MSP432.obj               732     8         464    
       Files.obj                    604     139       72     
    +--+----------------------------+-------+---------+---------+
       Total:                       14273   231       2410   
                                                             
    C:\Users\pedro\OneDrive\Escritorio\GENERAL\TEC\Semestre_6\ARQUI\unidad 2\Foros y Ejercicios\HVAC_un_hilo_obj\Debug\configPkg\package\cfg\
       release_pem4f.oem4f          2086    991       4308   
    +--+----------------------------+-------+---------+---------+
       Total:                       2086    991       4308   
                                                             
    C:/ti/simplelink_msp432p4_sdk_3_40_01_02/source/ti/devices/msp432p4xx/driverlib/ccs/msp432p4xx_driverlib.lib
       pcm.o                        1770    0         0      
       rtc_c.o                      44      0         0      
       wdt_a.o                      36      0         0      
       cpu.o                        4       0         0      
    +--+----------------------------+-------+---------+---------+
       Total:                       1854    0         0      
                                                             
    C:\Users\pedro\OneDrive\Escritorio\GENERAL\TEC\Semestre_6\ARQUI\unidad 2\Foros y Ejercicios\HVAC_un_hilo_obj\Aux_files\src\sysbios\sysbios.aem4f
       BIOS.obj                     8102    0         272    
       m3_Hwi_asm.obj               318     0         0      
       m3_TaskSupport_asm.obj       180     0         0      
       m3_Hwi_asm_switch.obj        118     0         0      
    +--+----------------------------+-------+---------+---------+
       Total:                       8718    0         272    
                                                             
    C:\ti\ccs1260\ccs\tools\compiler\ti-cgt-arm_20.2.7.LTS\lib\rtsv7M4_T_le_v4SPD16_eabi.lib
       _printfi.c.obj               4851    0         0      
       defs.c.obj                   0       0         832    
       trgmsg.c.obj                 108     0         576    
       fopen.c.obj                  480     0         8      
       fd_add_t2.asm.obj            438     0         0      
       host_device.c.obj            0       0         400    
       fwrite.c.obj                 384     0         0      
       fd_div_t2.asm.obj            310     0         0      
       s_scalbn.c.obj               272     0         0      
       fd_cmp_t2.asm.obj            268     0         0      
       ctype.c.obj                  0       257       0      
       fd_mul_t2.asm.obj            252     0         0      
       fread.c.obj                  248     0         0      
       setvbuf.c.obj                220     0         0      
       open.c.obj                   188     0         8      
       _io_perm.c.obj               172     0         0      
       _bufread.c.obj               156     0         0      
       memcpy_t2.asm.obj            156     0         0      
       ull_div_t2.asm.obj           150     0         0      
       memset_t2.asm.obj            122     0         0      
       fclose.c.obj                 116     0         0      
       getdevice.c.obj              116     0         0      
       hostopen.c.obj               96      0         16     
       printf.c.obj                 112     0         0      
       hostrename.c.obj             108     0         0      
       copy_decompress_lzss.c.obj   104     0         0      
       hostlseek.c.obj              104     0         0      
       exit.c.obj                   76      0         24     
       fseek.c.obj                  100     0         0      
       s_frexp.c.obj                100     0         0      
       sprintf.c.obj                98      0         0      
       close.c.obj                  92      0         0      
       hostread.c.obj               88      0         0      
       hostwrite.c.obj              88      0         0      
       _ltoa.c.obj                  84      0         0      
       atoi.c.obj                   76      0         0      
       cpy_tbl.c.obj                76      0         0      
       fflush.c.obj                 76      0         0      
       fd_toi_t2.asm.obj            72      0         0      
       hostclose.c.obj              68      0         0      
       hostunlink.c.obj             68      0         0      
       strncpy.c.obj                54      0         0      
       i_tofd_t2.asm.obj            46      0         0      
       strncmp.c.obj                44      0         0      
       unlink.c.obj                 44      0         0      
       _lock.c.obj                  26      0         16     
       lseek.c.obj                  40      0         0      
       read.c.obj                   40      0         0      
       write.c.obj                  40      0         0      
       memchr.c.obj                 32      0         0      
       strcat.c.obj                 30      0         0      
       memccpy.c.obj                28      0         0      
       s_copysign.c.obj             26      0         0      
       args_main.c.obj              24      0         0      
       strcmp.c.obj                 24      0         0      
       strchr.c.obj                 22      0         0      
       strcpy.c.obj                 20      0         0      
       strlen.c.obj                 20      0         0      
       wcslen.c.obj                 18      0         0      
       copy_decompress_none.c.obj   14      0         0      
       copy_zero_init.c.obj         12      0         0      
       rewind.c.obj                 8       0         0      
       stkdepth_vars.c.obj          0       0         8      
       div0.asm.obj                 2       0         0      
    +--+----------------------------+-------+---------+---------+
       Total:                       11307   257       1888   
                                                             
    C:\ti\simplelink_msp432p4_sdk_3_40_01_02\kernel\tirtos\packages\ti\targets\arm\rtsarm\lib\auto_init.aem4f
       auto_init.oem4f              160     0         0      
    +--+----------------------------+-------+---------+---------+
       Total:                       160     0         0      
                                                             
    C:\ti\simplelink_msp432p4_sdk_3_40_01_02\kernel\tirtos\packages\ti\targets\arm\rtsarm\lib\boot.aem4f
       boot.oem4f                   88      0         0      
    +--+----------------------------+-------+---------+---------+
       Total:                       88      0         0      
                                                             
       Stack:                       0       0         2048   
       Linker Generated:            0       650       0      
    +--+----------------------------+-------+---------+---------+
       Grand Total:                 42502   2285      11332  


LINKER GENERATED COPY TABLES

__TI_cinit_table @ 0000b020 records: 3, size/record: 8, table size: 24
	.data: load addr=0000ada8, load size=00000256 bytes, run addr=20000140, run size=00000aac bytes, compression=lzss
	.bss: load addr=0000b010, load size=00000008 bytes, run addr=200050e8, run size=00000550 bytes, compression=zero_init
	.vtable: load addr=0000b018, load size=00000008 bytes, run addr=20001000, run size=000000e8 bytes, compression=zero_init


LINKER GENERATED HANDLER TABLE

__TI_handler_table @ 0000b000 records: 3, size/record: 4, table size: 12
	index: 0, handler: __TI_zero_init
	index: 1, handler: __TI_decompress_lzss
	index: 2, handler: __TI_decompress_none


GLOBAL SYMBOLS: SORTED ALPHABETICALLY BY Name 

address   name                                                            
-------   ----                                                            
00007801  ADC14_IRQHandler                                                
20000aa4  ADC_ch_actives                                                  
20000aa0  ADC_global_irq_map                                              
200002b8  ADC_time_channel                                                
20000338  ADC_time_channel_temp                                           
200003b8  ADC_timer_activation                                            
0000ac2c  BRFX                                                            
0000ac38  BRS                                                             
0000ac44  BRX                                                             
0000661b  C$$EXIT                                                         
0000934b  C$$IO$$                                                         
00004d35  CPU_wfi                                                         
20005637  EstadoBanderas                                                  
20005634  EstadoBotones                                                   
200006e6  FAN_LED_State                                                   
00004000  HEAPSIZE                                                        
00008db1  HOSTclose                                                       
00007b8d  HOSTlseek                                                       
000080c5  HOSTopen                                                        
000084d9  HOSTread                                                        
00007ab1  HOSTrename                                                      
00008df5  HOSTunlink                                                      
00008531  HOSTwrite                                                       
00003dcd  HVAC_ActualizarEntradas                                         
00000a8f  HVAC_ActualizarSalidas                                          
00001ac5  HVAC_Heartbeat                                                  
00006d85  HVAC_InicialiceADC                                              
0000606d  HVAC_InicialiceIO                                               
00008e39  HVAC_InicialiceUART                                             
00007691  HVAC_LUCES                                                      
00006815  HVAC_PrintState                                                 
00005ab1  HVAC_Thread                                                     
0000a3bd  INT_SWI                                                         
000062a5  Int_clear_gpio_flags                                            
00007875  Int_disable                                                     
00005c69  Int_enable                                                      
00007591  Int_enableInterrupt                                             
000082a9  Int_registerInterrupt                                           
200006bc  LED1                                                            
[...]
0000a5d9  ti_sysbios_gates_GateHwi_enter__E                               
0000a5e5  ti_sysbios_heaps_HeapMem_Module_GateProxy_enter__E              
0000a5f1  ti_sysbios_heaps_HeapMem_Module_GateProxy_query__E              
0000a5fd  ti_sysbios_knl_Clock_TimerProxy_getMaxTicks__E                  
0000a609  ti_sysbios_knl_Task_delete                                      
0000a619  ti_sysbios_knl_Task_self__E                                     
0000a629  ti_sysbios_rts_ti_ReentSupport_taskRegHook__I                   
0000a639  xdc_runtime_Gate_enterSystem__E                                 
0000a649  xdc_runtime_Startup_rtsDone__E                                  
0000a655  xdc_runtime_System_Module_GateProxy_enter__E                    
0000a661  xdc_runtime_System_SupportProxy_abort__E                        
0000a66d  xdc_runtime_System_SupportProxy_exit__E                         
0000a689  pthread_attr_setstacksize                                       
0000a691  rewind                                                          
0000a699  ti_sysbios_family_arm_m3_Hwi_Module__startupDone__S             
0000a6a1  ti_sysbios_family_arm_m3_Hwi_doSwiRestore__I                    
0000a6a9  ti_sysbios_family_arm_m3_Hwi_startup__E                         
0000a6b1  ti_sysbios_family_arm_msp432_Timer_Module__startupDone__S       
0000a6b9  ti_sysbios_hal_Hwi_HwiProxy_Module__startupDone__S              
0000a6c1  ti_sysbios_hal_Hwi_HwiProxy_startup__E                          
0000a6c1  ti_sysbios_hal_Hwi_startup__E                                   
0000a6c9  ti_sysbios_hal_Hwi_HwiProxy_switchFromBootStack__E              
0000a6c9  ti_sysbios_hal_Hwi_switchFromBootStack__E                       
0000a6d1  ti_sysbios_knl_Clock_TimerProxy_Module__startupDone__S          
0000a6d9  ti_sysbios_knl_Task_SupportProxy_Module__startupDone__S         
0000a6e1  ti_sysbios_knl_Task_SupportProxy_getStackAlignment__E           
0000a6e9  ti_sysbios_rts_ti_ReentSupport_getReent__E                      
0000a6f1  xdc_runtime_Startup_reset__I                                    
0000a6f9  ti_sysbios_family_arm_m3_Hwi_doTaskRestore__I                   
0000a701  ti_sysbios_gates_GateHwi_leave__E                               
0000a709  ti_sysbios_heaps_HeapMem_isBlocking__E                          
0000a711  ti_sysbios_knl_Queue_Instance_init__E                           
0000a719  ti_sysbios_knl_Swi_startup__E                                   
0000a721  xdc_runtime_System_Module_startup__E                            
0000a729  __aeabi_errno_addr                                              
0000a731  ti_sysbios_gates_GateHwi_query__E                               
0000a739  ti_sysbios_gates_GateMutex_query__E                             
0000a741  ti_sysbios_knl_Task_startup__E                                  
0000a749  ti_sysbios_BIOS_linkedWithIncorrectBootLibrary__E               
0000a751  ti_sysbios_gates_GateHwi_Instance_init__E                       
0000a759  ti_sysbios_knl_Clock_logTick__E                                 
0000a761  xdc_runtime_SysCallback_defaultAbort                            
0000a769  xdc_runtime_SysCallback_defaultExit                             
0000a771  xdc_runtime_System_abortSpin__E                                 
0000a779  xdc_runtime_System_exitSpin__E                                  
0000a77c  _ctypes_                                                        
0000a87d  xdc_runtime_Error_policy__C                                     
0000a87e  ti_sysbios_family_arm_msp432_init_Boot_bypassHFXT__C            
0000a918  ti_sysbios_knl_Task_Object__PARAMS__C                           
0000a98a  ti_sysbios_family_arm_msp432_init_Boot_bypassLFXT__C            
0000a9e8  ti_sysbios_heaps_HeapMem_Module__FXNS__C                        
0000aa10  ti_sysbios_gates_GateHwi_Module__FXNS__C                        
0000aa34  ti_sysbios_gates_GateMutex_Module__FXNS__C                      
0000aa58  ti_sysbios_heaps_HeapMem_Object__PARAMS__C                      
0000aa7c  ti_sysbios_knl_Semaphore_Object__PARAMS__C                      
0000aaa0  xdc_runtime_Startup_sfxnTab__A                                  
0000aae4  ti_sysbios_gates_GateHwi_Object__DESC__C                        
0000ab04  ti_sysbios_gates_GateMutex_Object__DESC__C                      
0000ab24  ti_sysbios_heaps_HeapMem_Object__DESC__C                        
0000ab44  ti_sysbios_knl_Queue_Object__DESC__C                            
0000ab64  ti_sysbios_knl_Semaphore_Object__DESC__C                        
0000ab84  ti_sysbios_knl_Task_Object__DESC__C                             
0000aba4  ti_sysbios_gates_GateHwi_Object__PARAMS__C                      
0000abbc  ti_sysbios_gates_GateMutex_Object__PARAMS__C                    
0000abd4  ti_sysbios_knl_Queue_Object__PARAMS__C                          
0000abec  ti_sysbios_knl_Task_hooks__A                                    
0000ac18  xdc_runtime_Startup_sfxnRts__A                                  
0000ac2a  ti_sysbios_family_arm_msp432_init_Boot_enableHFXT__C            
0000ac2c  BRFX                                                            
0000ac38  BRS                                                             
0000ac44  BRX                                                             
0000ac50  adc_ch_param0                                                   
0000ac5c  adc_ch_param1                                                   
0000ac68  adc_ch_param3                                                   
0000ac74  xdc_runtime_Startup_firstFxns__A                                
0000ac80  adc_init                                                        
0000aca0  ti_sysbios_knl_Idle_funcList__A                                 
0000aca8  ti_sysbios_knl_Idle_funcList__C                                 
0000acb0  ti_sysbios_knl_Task_hooks__C                                    
0000acb8  xdc_runtime_Startup_firstFxns__C                                
0000acc0  xdc_runtime_Startup_lastFxns__C                                 
0000acce  ti_sysbios_family_arm_msp432_init_Boot_enableLFXT__C            
0000acd0  ti_sysbios_family_arm_m3_Hwi_NUM_INTERRUPTS__C                  
0000acd4  ti_sysbios_family_arm_m3_Hwi_Object__count__C                   
0000acd8  ti_sysbios_family_arm_m3_Hwi_Object__table__C                   
0000acdc  ti_sysbios_family_arm_m3_Hwi_ccr__C                             
0000ace0  ti_sysbios_family_arm_m3_Hwi_excHandlerFunc__C                  
0000ace4  ti_sysbios_family_arm_m3_Hwi_nullIsrFunc__C                     
0000ace8  ti_sysbios_family_arm_m3_Hwi_priGroup__C                        
0000acec  ti_sysbios_family_arm_m3_TaskSupport_stackAlignment__C          
0000acf0  ti_sysbios_family_arm_msp432_Timer_numTimerDevices__C           
0000acf4  ti_sysbios_family_arm_msp432_Timer_startupNeeded__C             
0000acf8  ti_sysbios_gates_GateMutex_Instance_State_sem__O                
0000acfc  ti_sysbios_heaps_HeapMem_E_memory__C                            
0000ad00  ti_sysbios_heaps_HeapMem_Module__gateObj__C                     
0000ad04  ti_sysbios_heaps_HeapMem_Object__count__C                       
0000ad08  ti_sysbios_heaps_HeapMem_Object__table__C                       
0000ad0c  ti_sysbios_heaps_HeapMem_primaryHeapBaseAddr__C                 
0000ad10  ti_sysbios_heaps_HeapMem_primaryHeapEndAddr__C                  
0000ad14  ti_sysbios_heaps_HeapMem_reqAlign__C                            
0000ad18  ti_sysbios_knl_Clock_Module_State_clockQ__O                     
0000ad1c  ti_sysbios_knl_Clock_tickPeriod__C                              
0000ad20  ti_sysbios_knl_Mailbox_Instance_State_freeQue__O                
0000ad24  ti_sysbios_knl_Mailbox_Object__count__C                         
0000ad28  ti_sysbios_knl_Mailbox_maxTypeAlign__C                          
0000ad2c  ti_sysbios_knl_Semaphore_Instance_State_pendQ__O                
0000ad30  ti_sysbios_knl_Swi_Object__count__C                             
0000ad34  ti_sysbios_knl_Swi_Object__table__C                             
0000ad38  ti_sysbios_knl_Task_Module_State_inactiveQ__O                   
0000ad3c  ti_sysbios_knl_Task_Object__count__C                            
0000ad40  ti_sysbios_knl_Task_Object__heap__C                             
0000ad44  ti_sysbios_knl_Task_Object__table__C                            
0000ad48  ti_sysbios_knl_Task_allBlockedFunc__C                           
0000ad4c  ti_sysbios_knl_Task_defaultStackHeap__C                         
0000ad50  ti_sysbios_knl_Task_defaultStackSize__C                         
0000ad54  ti_sysbios_knl_Task_numConstructedTasks__C                      
0000ad58  xdc_runtime_Error_E_memory__C                                   
0000ad5c  xdc_runtime_Error_policyFxn__C                                  
0000ad60  xdc_runtime_IGateProvider_Interface__BASE__C                    
0000ad64  xdc_runtime_IHeap_Interface__BASE__C                            
0000ad68  xdc_runtime_IModule_Interface__BASE__C                          
0000ad6c  xdc_runtime_Memory_defaultHeapInstance__C                       
0000ad70  xdc_runtime_Startup_execImpl__C                                 
0000ad74  xdc_runtime_Startup_maxPasses__C                                
0000ad78  xdc_runtime_Startup_sfxnRts__C                                  
0000ad7c  xdc_runtime_Startup_sfxnTab__C                                  
0000ad80  xdc_runtime_Startup_startModsFxn__C                             
0000ad84  xdc_runtime_SysCallback_abortFxn__C                             
0000ad88  xdc_runtime_SysCallback_exitFxn__C                              
0000ad8c  xdc_runtime_System_Module__gateObj__C                           
0000ad90  xdc_runtime_System_abortFxn__C                                  
0000ad94  xdc_runtime_System_exitFxn__C                                   
0000ad98  xdc_runtime_System_maxAtexitHandlers__C                         
0000ad9c  xdc_runtime_Text_nameUnknown__C                                 
0000ada0  ti_sysbios_heaps_HeapMem_Module__id__C                          
0000ada2  xdc_runtime_Memory_Module__id__C                                
0000ada8  __TI_static_base__                                              
0000b000  __TI_Handler_Table_Base                                         
0000b00c  __TI_Handler_Table_Limit                                        
0000b020  __TI_CINIT_Base                                                 
0000b038  __TI_CINIT_Limit                                                
20000000  __start___llvm_prf_cnts                                         
20000000  __stop___llvm_prf_cnts                                          
20000000  ti_sysbios_family_arm_m3_Hwi_ramVectors                         
20000140  _ftable                                                         
200002b8  ADC_time_channel                                                
20000338  ADC_time_channel_temp                                           
200003b8  ADC_timer_activation                                            
20000438  ti_sysbios_knl_Swi_Module_State_0_readyQ__A                     
200004b8  ti_sysbios_knl_Task_Module_State_0_readyQ__A                    
20000538  time_stopped                                                    
200005b8  adc_ch                                                          
20000634  _device                                                         
200006ac  opcion_menu                                                     
200006b0  cuenta_apagar                                                   
200006b4  cuenta                                                          
200006b8  banderau                                                        
200006bc  LED1                                                            
200006c0  LED2                                                            
200006c4  LED3                                                            
200006c8  val                                                             
200006cc  val2                                                            
200006d0  val3                                                            
200006d4  flag                                                            
200006dc  TemperaturaActual                                               
200006e0  SetPoint                                                        
200006e4  toggle                                                          
200006e5  event                                                           
200006e6  FAN_LED_State                                                   
200006e8  input_port                                                      
200006ec  output_port                                                     
200006f0  fd_adc                                                          
200006f4  fd_ch_H0                                                        
200006f8  fd_ch_H1                                                        
200006fc  fd_ch_H3                                                        
20000700  fd_uart                                                         
20000704  ti_sysbios_gates_GateMutex_Object__table__V                     
20000758  _stream                                                         
200007a8  ti_sysbios_knl_Task_Object__table__V                            
200007f4  ti_sysbios_family_arm_msp432_Timer_Object__table__V             
20000838  ti_sysbios_knl_Task_Module__state__V                            
200008bc  ti_sysbios_family_arm_m3_Hwi_Module__state__V                   
200008f0  ti_sysbios_knl_Swi_Object__table__V                             
20000920  ti_sysbios_knl_Clock_Module__state__V                           
2000094c  gpio_global_irq_map                                             
20000974  gpio_global_pin_map                                             
2000099c  ti_sysbios_BIOS_Module__state__V                                
200009e0  last_state                                                      
20000a00  ti_sysbios_family_arm_msp432_Timer_Module_State_0_device__A     
20000a20  time_paused_left                                                
20000a40  timer_units                                                     
20000a60  xdc_runtime_Error_IgnoreBlock                                   
20000a80  ti_sysbios_knl_Swi_Module__state__V                             
20000a9c  adc                                                             
20000aa0  ADC_global_irq_map                                              
20000aa4  ADC_ch_actives                                                  
20000aa8  current_addr                                                    
20000aac  microseconds                                                    
20000ab4  ti_sysbios_family_arm_m3_Hwi_Object__table__V                   
20000acc  ti_sysbios_heaps_HeapMem_Object__table__V                       
20000ae4  files_active                                                    
20000b08  __TI_ft_end                                                     
20000b0c  __aeabi_stdin                                                   
20000b10  __aeabi_stdout                                                  
20000b14  __aeabi_stderr                                                  
20000b18  ti_sysbios_family_arm_msp432_Timer_Module_State_0_handles__A    
20000b28  microsecs                                                       
20000b2c  timer                                                           
20000b30  bandera_stop                                                    
20000b38  __TI_cleanup_ptr                                                
20000b3c  __TI_dtors_ptr                                                  
20000b40  __TI_enable_exit_profile_output                                 
20000b44  ti_sysbios_family_arm_msp432_Timer_Module__state__V             
20000b50  uart                                                            
20000b54  RX_interruption                                                 
20000b5a  ti_sysbios_family_arm_m3_Hwi_Module_State_0_excActive__A        
20000b5c  _lock                                                           
20000b60  _unlock                                                         
20000b64  ti_sysbios_gates_GateHwi_Module__root__V                        
20000b6c  ti_sysbios_gates_GateMutex_Module__root__V                      
20000b74  ti_sysbios_heaps_HeapMem_Module__root__V                        
20000b7c  ti_sysbios_knl_Queue_Module__root__V                            
20000b84  ti_sysbios_knl_Semaphore_Module__root__V                        
20000b8c  ti_sysbios_knl_Task_Module__root__V                             
20000b94  timer_activated                                                 
20000b9c  xdc_runtime_Startup_Module__state__V                            
20000ba4  xdc_runtime_System_Module_State_0_atexitHandlers__A             
20000bac  xdc_runtime_System_Module__state__V                             
20000bb4  LUCES                                                           
20000bb9  p1                                                              
20000bbe  p2                                                              
20000bd0  main_func_sp                                                    
20000bd4  ti_sysbios_family_arm_m3_Hwi_Module_State_0_excContext__A       
20000bd8  ti_sysbios_family_arm_m3_Hwi_Module_State_0_excStack__A         
20000bdc  ti_sysbios_gates_GateHwi_Object__table__V                       
20000be0  ti_sysbios_knl_Task_Module_State_0_idleTask__A                  
20000be4  ti_sysbios_rts_ti_ReentSupport_Module__state__V                 
20000be8  xdc_runtime_Memory_Module__state__V                             
20001000  g_pfnRAMVectoring                                               
200010e8  __primary_heap_start__                                          
200050e8  __primary_heap_end__                                            
200050e8  ti_sysbios_knl_Task_Instance_State_0_stack__A                   
200052e8  ti_sysbios_family_arm_m3_Hwi_dispatchTable                      
20005428  __CIOBUF_                                                       
20005548  __TI_tmpnams                                                    
200055e8  state                                                           
20005628  parmbuf                                                         
20005630  ti_sysbios_knl_Task_Instance_State_0_hookEnv__A                 
20005634  EstadoBotones                                                   
20005637  EstadoBanderas                                                  
2000fc00  __stack                                                         
20010000  __STACK_END                                                     
4000480c  WDTCTL_SYM                                                      
e000e000  ti_sysbios_family_arm_m3_Hwi_nvic                               
ffffffff  __TI_pprof_out_hndl                                             
ffffffff  __TI_prof_data_size                                             
ffffffff  __TI_prof_data_start                                            
ffffffff  __binit__                                                       
ffffffff  __c_args__                                                      
ffffffff  binit                                                           
UNDEFED   SHT$$INIT_ARRAY$$Base                                           
UNDEFED   SHT$$INIT_ARRAY$$Limit                                          

[613 symbols]
